<?xml version = '1.0' encoding = 'windows-1252'?>
<ModelersMap class="java.util.HashMap">
   <Item>
      <Key>516798c1-00f7-1000-8004-7f000001064f</Key>
      <Value class="[Ljava.lang.String;">
         <Item>com</Item>
         <Item/>
         <Item>UMLPackage</Item>
      </Value>
   </Item>
   <Item>
      <Key>516798e1-00f7-1000-8005-7f000001064f</Key>
      <Value class="[Ljava.lang.String;">
         <Item>com.jdevbook</Item>
         <Item/>
         <Item>UMLPackage</Item>
      </Value>
   </Item>
   <Item>
      <Key>516798e1-00f7-1000-8006-7f000001064f</Key>
      <Value class="[Ljava.lang.String;">
         <Item>com.jdevbook.chap4</Item>
         <Item/>
         <Item>UMLPackage</Item>
      </Value>
   </Item>
   <Item>
      <Key>51679a67-00f7-1000-8007-7f000001064f</Key>
      <Value class="[Ljava.lang.String;">
         <Item>com.jdevbook.chap4.AutomobileClassDiag</Item>
         <Item>oxd_java</Item>
         <Item>Diagram</Item>
      </Value>
   </Item>
   <Item>
      <Key>52001ddc-00f7-1000-8010-7f000001db24</Key>
      <Value class="[Ljava.lang.String;">
         <Item>TEMP</Item>
         <Item/>
         <Item>UMLPackage</Item>
      </Value>
   </Item>
   <Item>
      <Key>52001e59-00f7-1000-8011-7f000001db24</Key>
      <Value class="[Ljava.lang.String;">
         <Item>TEMP.UML Class Diagram1</Item>
         <Item>oxd_ana</Item>
         <Item>Diagram</Item>
      </Value>
   </Item>
</ModelersMap>
